R000 baseline
R01 네일폴드 능선을 옆·밑동에만 (프리엣지 쪽엔 살 없음) — foldClip
R02 루눌라 추가, 손가락별 크기(엄지 최대, 소지 거의 없음)
R03 프리엣지 흰빛 밴드 (살에서 떨어진 구간)
R04 베드 가로 그라디언트 재조정
R05 폴리시 sheer 개념 도입 준비
R06 테두리를 옆(어둡게)/팁(밝게)으로 분리 — sideclip/tipclip
R07 너클 하이라이트·그림자의 고정 흰검 → 톤 기반 (딥톤 잔여 버그)
R08 '자연 네일' 프리셋 추가 (해부 구조가 보이는 기본)
R09 폴드 음영선 약화 (알약 테두리 방지)
R10 네일 테두리 색을 폴리시 색에서 뽑음 (흰 폴리시의 갈색 선 제거)
R11 프리엣지 흰빛을 실제 연장 길이에 비례
R12 네일 베드 색을 피부톤에서 뽑음 (딥톤 흰 얼룩 버그)
R13 프리엣지/루눌라도 톤 기반
R14 손톱 주위 어두운 링 추가 약화
R15 sheer 폴리시 렌더 (베드 구조가 비침)
R16 app/presets 에 sheer 통과, 프리셋을 이름으로 조회(인덱스 드리프트 방지)
R17 베드 길이 방향 혈색 (가운데가 가장 붉음)
R18 루눌라 대비 상향
R19 큐티클(에포니키움) 살이 손톱 밑동을 덮음
R20 손톱 옆 네일 그루브
R21 시어 네일 플레이트 곡률 강화
R22 물갈퀴 골 바닥 AO
R23 손가락이 손등에 드리우는 그림자
R24 실루엣 안쪽 감쇠 (형태 감쇠)
R25 배경 바운스 라이트
R26 힘줄을 빛+그림자 쌍으로
R27 힘줄 사이 골
R28 첫 번째 등쪽 근육 볼륨 (엄지-검지 사이)
R29 너클 중앙 딤플
R30 손가락 길이 방향 잔주름
R31 자연 네일 세로 미세 융선
R32 실루엣 감쇠를 방향성으로 (오른쪽 아래가 어둡게)
R33 배경 비네트
R34 손가락 끝 테이퍼 강화 (덜 뭉툭하게)
R35 원통 음영에 터미네이터·코어섀도우·바운스 도입
R36 터미네이터 위치 조정
R37 손끝 살 볼륨을 더 붉고 또렷하게
R38 (폐기) 가짜 조명 지터 → R42 의 물리 조명으로 대체
R39 젤 광택을 창문 반사 모양으로 (windowGloss)
R40 두 번째 작은 반사 추가
R41 실루엣 감쇠와 원통 그라디언트의 테두리 이중 어둡기 해소
R42 월드 광원 하나로 손가락별 원통 음영 계산 (엄지 조명 방향 버그)
R43 광원의 시선 방향 성분(LIGHT_Z)으로 조명 폭 제어
R44 바운스 색을 warm 계열로
R45 그림자를 3겹으로 (접지/중간/원거리)
R46 그림자 방향·확산 재조정
R47 네일 아래 테두리에 배경 반사
R48 sheer 네일 플레이트 곡률
R49 세 번째 얼룩 레이어
R50 손등 아래쪽 색온도 상승 (손바닥 쪽이 따뜻)
R51 얼룩 레이어 균형
R52 mottleFine 이 멍처럼 보이던 문제 (주파수 상향)
R53 저주파 얼룩 세기 하향
R54 물갈퀴 틈에 그림자 조직층 (밝은 배경이 보여 오려낸 종이처럼 읽히던 문제)
R55 길이 '짧게' 를 연장 0 으로
R56 손톱 좌우 비대칭 (완전 대칭은 인공적)
R57 손가락별 손톱 비대칭 방향 분산
R58 배경 그라디언트 4스톱으로 (따뜻→차가움)
R59 배경 비네트 조정
R60 물갈퀴 그림자가 배경으로 새던 문제 (블러 축소)
R61 불투명 폴리시의 프리엣지 이음선 제거 (모든 손톱에 가로선이 생기던 문제)
R62 테두리를 길이 방향 그라디언트 한 줄로 (두 번 클립해 생긴 단 제거)
R63 글리터 입자를 잘고 촘촘하게 + 크기 편차 (물방울 무늬 → 반짝임)
R64 마그네틱 띠를 좁고 부드럽게
R65 프렌치 스마일 라인을 더 깊게 휘게
R66 매트 스페큘러 제거
R67 sheer 게이트 조건이 반대로 되어 있던 버그 (!d.sheer)
R68 어두운 톤 하이라이트 부스트 (형태가 묻히던 문제)
R69 어두운 톤 네일 베드 온기 상향 (회색으로 뜨던 문제)
R70 손톱 비율을 손가락별로 (엄지는 넓고 짧게, 소지는 작게)
R71 NAIL_ASPECT 값 조정
R72 손톱 폭 비율 재조정
R73 구도 — 손등을 더 보이게, 엄지가 잘리지 않게
R74 확대 뷰 재조정
R75 블러시 배경 4스톱
R76 누아르 배경 4스톱
R77 배경별 비네트 강도
R78 렌더 성능 측정 (브라우저 12.5ms/프레임 — 슬라이더 드래그에 충분)
R79 손끝 바운스 림 후광 약화
R80 손가락이 손등에 드리우는 그림자를 넓고 옅게
R81 긴 손톱에서 큐티클 덮임 완화
R82 손톱 롤 — 손가락마다 아주 살짝 다른 기울기
R83 살 능선도 롤을 따라가게
R84 손가락을 슬림하게 (사진의 길이:폭 비율에 맞춤)
R85 손톱 측면 안쪽 그림자 (네일 그루브)
R86 가장 깊은 그림자의 채도를 살짝 빼기
R87 손톱 양옆 살의 혈색
R88 너클 피부를 약간 거칠고 어둡게
R89 중수골 사이 골
R90 크롬에 환경 수평선 반사
R91 펄의 길이 방향 색 이동 확대
R92 매트 젤 미세 표면 거칠기
R93 글리터에 큰 십자 반짝임
R94 전 마감/아트/모양 16종 일괄 확인
R95 전 피부톤 6종 일괄 확인
R96 회귀 테스트
R97 README 갱신
R98 단일 파일 번들 재생성
R99 호스팅 배포
R100 커밋
